// Vitest Snapshot v1, https://vitest.dev/guide/snapshot.html

exports[`Ast > traverse > should traverse the nodes of the AST 1`] = `
[
  "ExpressionStatement",
  "CallExpression",
  "MemberExpression",
  "Identifier",
  "Identifier",
  "StringLiteral",
]
`;
