// Vitest Snapshot v1, https://vitest.dev/guide/snapshot.html

exports[`Data > csv > should return CSV 1`] = `
"a,b
1,2
2,"
`;

exports[`Data > json > should return JSON 1`] = `
"{
  \\"a\\": 1,
  \\"b\\": 2,
  \\"c\\": 3
}"
`;

exports[`Data > yaml > should return YAML 1`] = `
"a: 1
b: 2
c: 3
"
`;
